../Core/Src/net.c:24:6:net_ini	8	static
../Core/Src/net.c:36:10:checksum	24	static
../Core/Src/net.c:62:6:eth_send	16	static
../Core/Src/net.c:68:9:ip_send	24	static
../Core/Src/net.c:85:9:icmp_read	72	static
../Core/Src/net.c:116:9:ip_read	24	static
../Core/Src/net.c:142:9:icmp_request	56	static
../Core/Src/net.c:179:10:port_extract	32	static
../Core/Src/net.c:192:6:ip_extract	48	static
../Core/Src/net.c:226:6:eth_read	112	static
../Core/Src/net.c:266:6:net_poll	16	static
../Core/Src/net.c:278:6:net_cmd	16	static
../Core/Src/net.c:336:6:UART2_RxCpltCallback	16	static
../Core/Src/net.c:373:6:TIM_PeriodElapsedCallback	8	static
